[backblue.gif]
[fade.gif]
[index.html]
[template.accent.itembridge.com/images/favicon.ico]
[template.accent.itembridge.com/images/close.png]
[template.accent.itembridge.com/images/background/sliders/slide1.jpg]
[template.accent.itembridge.com/images/background/sliders/slide2.jpg]
[template.accent.itembridge.com/images/background/sliders/slide3.jpg]
[template.accent.itembridge.com/images/about_img1.jpg]
[template.accent.itembridge.com/images/about/about-1.jpg]
[template.accent.itembridge.com/images/about/about-1@2x.jpg]
[template.accent.itembridge.com/images/fan_bg.jpg]
[template.accent.itembridge.com/images/portfolio/prev/1.jpg]
[template.accent.itembridge.com/images/portfolio/prev/2.jpg]
[template.accent.itembridge.com/images/portfolio/prev/3.jpg]
[template.accent.itembridge.com/images/portfolio/prev/4.jpg]
[template.accent.itembridge.com/images/portfolio/prev/5.jpg]
[template.accent.itembridge.com/images/portfolio/prev/6.jpg]
[template.accent.itembridge.com/images/portfolio/prev/7.jpg]
[template.accent.itembridge.com/images/portfolio/prev/8.jpg]
[template.accent.itembridge.com/images/portfolio/prev/9.jpg]
[template.accent.itembridge.com/images/portfolio/prev/10.jpg]
[template.accent.itembridge.com/images/portfolio/prev/11.jpg]
[template.accent.itembridge.com/images/portfolio/prev/12.jpg]
[template.accent.itembridge.com/images/portfolio/prev/13.jpg]
[template.accent.itembridge.com/images/portfolio/prev/14.jpg]
[template.accent.itembridge.com/images/portfolio/prev/15.jpg]
[template.accent.itembridge.com/images/portfolio/prev/16.jpg]
[template.accent.itembridge.com/images/portfolio/prev/17.jpg]
[template.accent.itembridge.com/images/portfolio/prev/18.jpg]
[template.accent.itembridge.com/images/portfolio/prev/19.jpg]
[template.accent.itembridge.com/images/portfolio/prev/20.jpg]
[template.accent.itembridge.com/images/portfolio/prev/21.jpg]
[template.accent.itembridge.com/images/portfolio/prev/22.jpg]
[template.accent.itembridge.com/images/portfolio/prev/23.jpg]
[template.accent.itembridge.com/images/portfolio/prev/24.jpg]
[template.accent.itembridge.com/images/price_img.jpg]
[template.accent.itembridge.com/images/how_about_video-2.jpg]
[template.accent.itembridge.com/images/how_about_video-4.jpg]
[template.accent.itembridge.com/images/post/post1.jpg]
[template.accent.itembridge.com/images/post/post2.jpg]
[template.accent.itembridge.com/images/post/post3.jpg]
[img.youtube.com/vi/Hh-o5g4tLVE/0.jpg]
[template.accent.itembridge.com/js/jquery-1.11.2.min.js]
[template.accent.itembridge.com/js/bootstrap.js]
[template.accent.itembridge.com/js/bootstrap-select.js]
[template.accent.itembridge.com/js/bootstrap-tabcollapse.js]
[template.accent.itembridge.com/js/dzsparallaxer.js]
[template.accent.itembridge.com/js/getshar-0.8.0.min.js]
[template.accent.itembridge.com/js/imagesloaded.pkgd.min.js]
[template.accent.itembridge.com/js/isotope.pkgd.min.js]
[template.accent.itembridge.com/js/jquery.appear.js]
[template.accent.itembridge.com/js/jquery.carouFredSel-6.2.1-packed.js]
[template.accent.itembridge.com/js/jquery.countTo.js]
[template.accent.itembridge.com/js/jquery.easing.1.3.js]
[template.accent.itembridge.com/js/jquery.mCustomScrollbar.js]
[template.accent.itembridge.com/js/jquery.scrollTo.min.js]
[template.accent.itembridge.com/js/jquery.singlePageNav.min.js]
[template.accent.itembridge.com/js/jquery.textillate.js]
[template.accent.itembridge.com/js/jquery-asPieProgress.js]
[template.accent.itembridge.com/js/masonry.pkgd.js]
[template.accent.itembridge.com/js/owl.carousel.js]
[template.accent.itembridge.com/js/responsiveslides.js]
[template.accent.itembridge.com/js/sliders.js]
[template.accent.itembridge.com/js/small-icons.js]
[template.accent.itembridge.com/js/assets/jquery.fittext.js]
[template.accent.itembridge.com/js/assets/jquery.lettering.js]
[template.accent.itembridge.com/js/fancybox/source/jquery.fancybox.pack.js]
[template.accent.itembridge.com/js/main.js]
[template.accent.itembridge.com/demo-1.html]
[template.accent.itembridge.com/fonts/bootstrap/glyphicons-halflings-regular.eot]
[template.accent.itembridge.com/fonts/bootstrap/glyphicons-halflings-regular.woff2]
[template.accent.itembridge.com/fonts/bootstrap/glyphicons-halflings-regular.woff]
[template.accent.itembridge.com/fonts/bootstrap/glyphicons-halflings-regulard41d.eot]
[template.accent.itembridge.com/fonts/bootstrap/glyphicons-halflings-regular.ttf]
[template.accent.itembridge.com/css/bootstrap.css]
[template.accent.itembridge.com/css/bootstrap-select.min.css]
[template.accent.itembridge.com/fonts/font-awesome/fontawesome-webfont.eot]
[template.accent.itembridge.com/fonts/font-awesome/fontawesome-webfont.woff]
[template.accent.itembridge.com/fonts/font-awesome/fontawesome-webfont.ttf]
[template.accent.itembridge.com/fonts/font-awesome/fontawesome-webfontd41d.eot]
[template.accent.itembridge.com/css/font-awesome.css]
[template.accent.itembridge.com/css/dzsparallaxer.css]
[template.accent.itembridge.com/css/jquery.mCustomScrollbar.css]
[template.accent.itembridge.com/css/progress.css]
[template.accent.itembridge.com/css/animate.min.css]
[template.accent.itembridge.com/js/fancybox/source/fancybox_sprite.png]
[template.accent.itembridge.com/js/fancybox/source/fancybox_loading.gif]
[template.accent.itembridge.com/js/fancybox/source/blank.gif]
[template.accent.itembridge.com/js/fancybox/source/fancybox_overlay.png]
[template.accent.itembridge.com/js/fancybox/source/fancybox_sprite@2x.png]
[template.accent.itembridge.com/js/fancybox/source/fancybox_loading@2x.gif]
[template.accent.itembridge.com/js/fancybox/source/jquery.fancybox.css]
[template.accent.itembridge.com/css/owl.carousel.min.css]
[template.accent.itembridge.com/css/owl.theme.default.min.css]
[template.accent.itembridge.com/images/li-img.png]
[template.accent.itembridge.com/images/blockquote-bg.png]
[template.accent.itembridge.com/images/checkbox-bg.png]
[template.accent.itembridge.com/images/checkbox-bg-white.png]
[template.accent.itembridge.com/images/checkbox-bg-red.png]
[template.accent.itembridge.com/images/radio-bg.png]
[template.accent.itembridge.com/images/radio-bg-white.png]
[template.accent.itembridge.com/images/like-theme.png]
[template.accent.itembridge.com/images/close-fancybox.png]
[template.accent.itembridge.com/css/style.css]
[template.accent.itembridge.com/css/variables-theme-1.css]
[template.accent.itembridge.com/css/ie10.css]
[template.accent.itembridge.com/css/ie11.css]
[template.accent.itembridge.com/images/primary.jpg]
[template.accent.itembridge.com/images/promo/1.jpg]
[template.accent.itembridge.com/images/promo/2.jpg]
[template.accent.itembridge.com/images/promo/3.jpg]
[template.accent.itembridge.com/images/promo/4.jpg]
[template.accent.itembridge.com/images/promo/5.jpg]
[template.accent.itembridge.com/images/promo/6.jpg]
[template.accent.itembridge.com/images/promo/7.jpg]
[template.accent.itembridge.com/images/promo/8.jpg]
[template.accent.itembridge.com/images/promo/9.jpg]
[template.accent.itembridge.com/images/promo/10.jpg]
[template.accent.itembridge.com/images/promo/11.jpg]
[template.accent.itembridge.com/images/promo/12.jpg]
[template.accent.itembridge.com/index.html]
[template.accent.itembridge.com/images/logo-accent.svg]
[template.accent.itembridge.com/images/clients/toshiba.png]
[template.accent.itembridge.com/images/clients/google.png]
[template.accent.itembridge.com/images/clients/haier.png]
[template.accent.itembridge.com/images/clients/yahoo.png]
[img.youtube.com/vi/kXzwOKyGlSA/0.jpg]
[template.accent.itembridge.com/images/slide/slide-3.jpg]
[template.accent.itembridge.com/images/orange/slide1.jpg]
[template.accent.itembridge.com/images/slide/slide-5.jpg]
[template.accent.itembridge.com/sections.html]
[template.accent.itembridge.com/images/background/8.jpg]
[template.accent.itembridge.com/images/how_about_video-3.jpg]
[template.accent.itembridge.com/images/about/about-2.jpg]
[template.accent.itembridge.com/images/about/about-2@2x.jpg]
[template.accent.itembridge.com/images/team/tm1.jpg]
[template.accent.itembridge.com/images/team/tm2.jpg]
[template.accent.itembridge.com/images/team/tm3.jpg]
[template.accent.itembridge.com/images/team/tm4.jpg]
[template.accent.itembridge.com/images/team/tm5.jpg]
[template.accent.itembridge.com/images/team/tm6.jpg]
[template.accent.itembridge.com/images/team/t1.png]
[template.accent.itembridge.com/images/team/t2.png]
[template.accent.itembridge.com/images/team/t3.png]
[template.accent.itembridge.com/images/team/t4.png]
[template.accent.itembridge.com/images/team/t5.png]
[template.accent.itembridge.com/images/team/t6.png]
[template.accent.itembridge.com/images/cont_bg.jpg]
[template.accent.itembridge.com/images/cont_img.jpg]
[template.accent.itembridge.com/demo-2.html]
[template.accent.itembridge.com/images/slide/slide-6.jpg]
[template.accent.itembridge.com/media/video3.mp4]
[template.accent.itembridge.com/media/video3.webm]
[template.accent.itembridge.com/images/about/about-3.jpg]
[template.accent.itembridge.com/images/about/about-3@2x.jpg]
[template.accent.itembridge.com/demo-3.html]
[template.accent.itembridge.com/demo-4.html]
[template.accent.itembridge.com/images/background/sliders/slide4.jpg]
[template.accent.itembridge.com/images/background/sliders/slide5.jpg]
[template.accent.itembridge.com/images/background/sliders/slide6.jpg]
[template.accent.itembridge.com/images/orange/1_hello.jpg]
[template.accent.itembridge.com/images/orange/hello.jpg]
[template.accent.itembridge.com/images/orange/hello@2x.jpg]
[template.accent.itembridge.com/images/orange/last-in-blog@2x.jpg]
[template.accent.itembridge.com/images/orange/last-in-blog-2.jpg]
[img.youtube.com/vi/04k6guPY-AQ/0.jpg]
[template.accent.itembridge.com/demo-5.html]
[template.accent.itembridge.com/images/background/3.jpg]
[template.accent.itembridge.com/images/about/about-6.jpg]
[template.accent.itembridge.com/images/about/about-6@2x.jpg]
[template.accent.itembridge.com/demo-6.html]
[template.accent.itembridge.com/images/background/2.jpg]
[template.accent.itembridge.com/images/demo-7.jpg]
[template.accent.itembridge.com/demo-7.html]
[template.accent.itembridge.com/images/background/6.jpg]
[template.accent.itembridge.com/images/background/4.jpg]
[template.accent.itembridge.com/images/background/5.jpg]
[template.accent.itembridge.com/images/about/about-8.jpg]
[template.accent.itembridge.com/images/about/about-8@2x.jpg]
[template.accent.itembridge.com/demo-8.html]
[template.accent.itembridge.com/media/video9.mp4]
[template.accent.itembridge.com/media/video9.webm]
[template.accent.itembridge.com/images/about/about-9.jpg]
[template.accent.itembridge.com/images/about/about-9@2x.jpg]
[template.accent.itembridge.com/demo-9.html]
[template.accent.itembridge.com/images/about_img.jpg]
[template.accent.itembridge.com/demo-10.html]
[template.accent.itembridge.com/images/about/about-11.jpg]
[template.accent.itembridge.com/images/about/about-11@2x.jpg]
[template.accent.itembridge.com/demo-11.html]
[template.accent.itembridge.com/images/blog/blog-1.jpg]
[template.accent.itembridge.com/images/portfolio/img/1.jpg]
[template.accent.itembridge.com/images/portfolio/img/2.jpg]
[template.accent.itembridge.com/images/portfolio/img/3.jpg]
[template.accent.itembridge.com/images/blog/blog-4.jpg]
[template.accent.itembridge.com/images/blog/blog-3.jpg]
[template.accent.itembridge.com/images/blog/blog-6.jpg]
[template.accent.itembridge.com/images/blog/blog-5.jpg]
[template.accent.itembridge.com/blog-masonry.html]
[template.accent.itembridge.com/images/portfolio/img/7.jpg]
[template.accent.itembridge.com/images/portfolio/img/5.jpg]
[template.accent.itembridge.com/images/portfolio/img/6.jpg]
[template.accent.itembridge.com/images/portfolio/img/22.jpg]
[template.accent.itembridge.com/images/blog/prev-post1.png]
[template.accent.itembridge.com/images/blog/prev-post2.png]
[template.accent.itembridge.com/images/blog/prev-post3.png]
[template.accent.itembridge.com/images/blog/prev-post4.png]
[template.accent.itembridge.com/blog-list.html]
[template.accent.itembridge.com/images/portfolio/img/8.jpg]
[template.accent.itembridge.com/images/portfolio/img/12.jpg]
[template.accent.itembridge.com/blog-list-right.html]
[template.accent.itembridge.com/404.html]
[template.accent.itembridge.com/login.html]
[template.accent.itembridge.com/typography.html]
[template.accent.itembridge.com/images/target.svg]
[template.accent.itembridge.com/images/blog/avatar-default.png]
[template.accent.itembridge.com/post-image.html]
[template.accent.itembridge.com/blog-post.html]
[template.accent.itembridge.com/video-blog-post.html]
[template.accent.itembridge.com/fonts/bootstrap/glyphicons-halflings-regular.svg]
[template.accent.itembridge.com/fonts/font-awesome/fontawesome-webfont.svg]
[template.accent.itembridge.com/css/mCSB_buttons.html]
[template.accent.itembridge.com/css/owl.video.play.html]
[template.accent.itembridge.com/images/select-arrow.svg]
[template.accent.itembridge.com/images/select-arrow-white.svg]
[template.accent.itembridge.com/images/arrow-left.svg]
[template.accent.itembridge.com/images/arrow-right.svg]
[template.accent.itembridge.com/images/quotation-marks.svg]
[template.accent.itembridge.com/images/like-theme.png]
[template.accent.itembridge.com/images/blog/search.svg]
[template.accent.itembridge.com/css/promo.css]
[template.accent.itembridge.com/images/promo/logo_ib.svg]
[template.accent.itembridge.com/css/variables-theme-2.css]
[template.accent.itembridge.com/images/team/t1.png]
[template.accent.itembridge.com/images/team/t2.png]
[template.accent.itembridge.com/images/team/t3.png]
[template.accent.itembridge.com/images/team/t4.png]
[template.accent.itembridge.com/images/team/t5.png]
[template.accent.itembridge.com/images/team/t6.png]
[template.accent.itembridge.com/css/variables-theme-color-3.css]
[template.accent.itembridge.com/media/video3.html]
[template.accent.itembridge.com/css/variables-theme-4.css]
[template.accent.itembridge.com/css/variables-theme-color.css]
[template.accent.itembridge.com/images/orange/last-in-blog.jpg]
[template.accent.itembridge.com/css/variables-theme-color-6.css]
[template.accent.itembridge.com/css/variables-theme-color-7.css]
[template.accent.itembridge.com/images/slide/slide-2.jpg]
[template.accent.itembridge.com/css/variables-theme-color-8.css]
[template.accent.itembridge.com/css/variables-theme-color-9.css]
[template.accent.itembridge.com/media/video9.html]
[template.accent.itembridge.com/css/variables-theme-10.css]
[template.accent.itembridge.com/css/variables-theme-11.css]
[template.accent.itembridge.com/post-quotes.html]
[template.accent.itembridge.com/default-post.html]
[template.accent.itembridge.com/images/promo/icons.svg]
